[backblue.gif]
[fade.gif]
[index.html]
[ccweb.imgix.net/https_/www.classcentral.com/images/meta/meta-default6dba.png]
[www.classcentral.com/apple-touch-icon.png]
[www.classcentral.com/favicon-32x32.png]
[www.classcentral.com/favicon-16x16.png]
[www.classcentral.com/site.webmanifest]
[www.classcentral.com/fonts/source-sans-pro-unhinted/source-sans-pro-400-italic-cyrillic-ext.woff2]
[www.classcentral.com/fonts/source-sans-pro-unhinted/source-sans-pro-400-italic-greek-ext.woff2]
[www.classcentral.com/fonts/source-sans-pro-unhinted/source-sans-pro-400-italic-greek.woff2]
[www.classcentral.com/fonts/source-sans-pro-unhinted/source-sans-pro-400-italic-vietnamese.woff2]
[www.classcentral.com/fonts/source-sans-pro-unhinted/source-sans-pro-400-italic-latin-ext.woff2]
[www.classcentral.com/fonts/source-sans-pro-unhinted/source-sans-pro-400-italic-latin.woff2]
[www.classcentral.com/fonts/source-sans-pro-unhinted/source-sans-pro-400-regular-cyrillic-ext.woff2]
[www.classcentral.com/fonts/source-sans-pro-unhinted/source-sans-pro-400-regular-cyrillic.woff2]
[www.classcentral.com/fonts/source-sans-pro-unhinted/source-sans-pro-400-regular-greek-ext.woff2]
[www.classcentral.com/fonts/source-sans-pro-unhinted/source-sans-pro-400-regular-greek.woff2]
[www.classcentral.com/fonts/source-sans-pro-unhinted/source-sans-pro-400-regular-vietnamese.woff2]
[www.classcentral.com/fonts/source-sans-pro-unhinted/source-sans-pro-400-regular-latin-ext.woff2]
[www.classcentral.com/fonts/source-sans-pro-unhinted/source-sans-pro-400-regular-latin.woff2]
[www.classcentral.com/fonts/source-sans-pro-unhinted/source-sans-pro-600-semibold-cyrillic-ext.woff2]
[www.classcentral.com/fonts/source-sans-pro-unhinted/source-sans-pro-600-semibold-cyrillic.woff2]
[www.classcentral.com/fonts/source-sans-pro-unhinted/source-sans-pro-600-semibold-greek-ext.woff2]
[www.classcentral.com/fonts/source-sans-pro-unhinted/source-sans-pro-600-semibold-greek.woff2]
[www.classcentral.com/fonts/source-sans-pro-unhinted/source-sans-pro-600-semibold-vietnamese.woff2]
[www.classcentral.com/fonts/source-sans-pro-unhinted/source-sans-pro-600-semibold-latin-ext.woff2]
[www.classcentral.com/fonts/source-sans-pro-unhinted/source-sans-pro-600-semibold-latin.woff2]
[www.classcentral.com/fonts/source-sans-pro-unhinted/source-sans-pro-700-bold-cyrillic-ext.woff2]
[www.classcentral.com/fonts/source-sans-pro-unhinted/source-sans-pro-700-bold-cyrillic.woff2]
[www.classcentral.com/fonts/source-sans-pro-unhinted/source-sans-pro-700-bold-greek-ext.woff2]
[www.classcentral.com/fonts/source-sans-pro-unhinted/source-sans-pro-700-bold-greek.woff2]
[www.classcentral.com/fonts/source-sans-pro-unhinted/source-sans-pro-700-bold-vietnamese.woff2]
[www.classcentral.com/fonts/source-sans-pro-unhinted/source-sans-pro-700-bold-latin-ext.woff2]
[www.classcentral.com/fonts/source-sans-pro-unhinted/source-sans-pro-700-bold-latin.woff2]
[www.classcentral.com/images/fade-gradient.png]
[ccweb.imgix.net/https_/www.classcentral.com/images/best-courses/mini-banner-best-of-all-time3e68.png]
[ccweb.imgix.net/https_/www.classcentral.com/images/best-courses/mini-banner-best-of-all-timec7ac.png]
[ccweb.imgix.net/https_/www.classcentral.com/images/best-courses/mini-banner-most-popular-of-all-time0931.png]
[ccweb.imgix.net/https_/www.classcentral.com/images/best-courses/mini-banner-most-popular-of-all-time45d9.png]
[ccweb.imgix.net/https_/www.classcentral.com/images/collections/collection-ivy-league-moocs-social5b92.jpg]
[ccweb.imgix.net/https_/www.classcentral.com/images/collections/collection-ivy-league-moocs-social1fe9.jpg]
[ccweb.imgix.net/https_/www.classcentral.com/images/collections/collection-coursera-free-coursesd038.png]
[ccweb.imgix.net/https_/www.classcentral.com/images/collections/collection-coursera-free-courses08e8.png]
[ccweb.imgix.net/https_/www.classcentral.com/images/collections/collection-free-certificates7462.png]
[ccweb.imgix.net/https_/www.classcentral.com/images/collections/collection-free-certificatesbc95.png]
[ccweb.imgix.net/https_/www.classcentral.com/images/collections/collection-google-certsa0be.png]
[ccweb.imgix.net/https_/www.classcentral.com/images/collections/collection-google-certsc6f1.png]
[ccweb.imgix.net/https_/www.classcentral.com/report/wp-content/uploads/2023/01/2022-year-in-review-bannera34a.png]
[ccweb.imgix.net/https_/www.classcentral.com/images/lists/list-empty6407.png]
[ccweb.imgix.net/https_/www.classcentral.com/images/illustrations/learning-illustration-black-history-month-01b6a2.png]
[ccweb.imgix.net/https_/www.classcentral.com/images/icon-free-certificates1174.png]
[ccweb.imgix.net/https_/www.classcentral.com/images/icon-ivy-league6438.png]
[ccweb.imgix.net/https_/www.classcentral.com/images/logos/institutions/stanford-trn-sq17f6.png]
[ccweb.imgix.net/https_/www.classcentral.com/images/icon-best-all-time6b4b.png]
[ccweb.imgix.net/https_/www.classcentral.com/images/icon-csaed6.png]
[www.classcentral.com/index.html]
[www.classcentral.com/favicon-16x16.png]
[ccweb.imgix.net/https_/www.classcentral.com/images/icon-sustainability9a1a.png]
[ccweb.imgix.net/https_/www.classcentral.com/images/logos/institutions/mit-trn-sqf645.png]
[ccweb.imgix.net/https_/www.classcentral.com/images/logos/institutions/google-trn-sqffa8.png]
[ccweb.imgix.net/https_/www.classcentral.com/images/logos/institutions/amazon-trn-sqc0bb.png]
[ccweb.imgix.net/https_/www.classcentral.com/images/icon-business39ff.png]
[www.classcentral.com/rankings.html]
[ccweb.imgix.net/https_/www.classcentral.com/images/logos/homepage/harvard24a9.png]
[ccweb.imgix.net/https_/www.classcentral.com/images/logos/homepage/harvard12fb.png]
[ccweb.imgix.net/https_/www.classcentral.com/images/logos/homepage/stanford5813.png]
[ccweb.imgix.net/https_/www.classcentral.com/images/logos/homepage/stanford692f.png]
[www.classcentral.com/collections.html]
[ccweb.imgix.net/https_/www.classcentral.com/images/logos/homepage/iit-kharagpurbad5.png]
[ccweb.imgix.net/https_/www.classcentral.com/images/logos/homepage/iit-kharagpur3e7e.png]
[ccweb.imgix.net/https_/www.classcentral.com/images/logos/homepage/mit7179.png]
[ccweb.imgix.net/https_/www.classcentral.com/images/logos/homepage/mit6803.png]
[ccweb.imgix.net/https_/www.classcentral.com/images/logos/homepage/ricec4e3.png]
[ccweb.imgix.net/https_/www.classcentral.com/images/logos/homepage/ricecc22.png]
[www.classcentral.com/subjects.html]
[ccweb.imgix.net/https_/www.classcentral.com/images/logos/homepage/iitm5204.png]
[ccweb.imgix.net/https_/www.classcentral.com/images/logos/homepage/iitm3280.png]
[ccweb.imgix.net/https_/www.classcentral.com/images/logos/homepage/columbia9b1a.png]
[ccweb.imgix.net/https_/www.classcentral.com/images/logos/homepage/columbia3755.png]
[ccweb.imgix.net/https_/www.classcentral.com/images/logos/homepage/cornella27f.png]
[ccweb.imgix.net/https_/www.classcentral.com/images/logos/homepage/cornell9c0f.png]
[ccweb.imgix.net/https_/www.classcentral.com/images/logos/homepage/edinburgh47df.png]
[ccweb.imgix.net/https_/www.classcentral.com/images/logos/homepage/edinburgh3216.png]
[ccweb.imgix.net/https_/www.classcentral.com/images/logos/homepage/purdue21f6.png]
[ccweb.imgix.net/https_/www.classcentral.com/images/logos/homepage/purdue39cf.png]
[ccweb.imgix.net/https_/www.classcentral.com/images/logos/homepage/pennab51.png]
[ccweb.imgix.net/https_/www.classcentral.com/images/logos/homepage/penn0cdc.png]
[ccweb.imgix.net/https_/www.classcentral.com/images/logos/homepage/dukedf08.png]
[ccweb.imgix.net/https_/www.classcentral.com/images/logos/homepage/dukebf93.png]
[ccweb.imgix.net/https_/www.classcentral.com/images/logos/homepage/umichb05a.png]
[ccweb.imgix.net/https_/www.classcentral.com/images/logos/homepage/umich1bfb.png]
[ccweb.imgix.net/https_/www.classcentral.com/images/logos/providers/coursera-trn-sqc43d.png]
[ccweb.imgix.net/https_/www.classcentral.com/images/logos/providers/coursera-trn-sqf873.png]
[ccweb.imgix.net/https_/www.classcentral.com/images/logos/providers/edx-trn-sq7d7a.png]
[ccweb.imgix.net/https_/www.classcentral.com/images/logos/providers/edx-trn-sqe227.png]
[ccweb.imgix.net/https_/www.classcentral.com/images/logos/providers/futurelearn-trn-sq1970.png]
[ccweb.imgix.net/https_/www.classcentral.com/images/logos/providers/futurelearn-trn-sqc75e.png]
[ccweb.imgix.net/https_/www.classcentral.com/images/logos/providers/udemy-trn-sqd9e7.png]
[ccweb.imgix.net/https_/www.classcentral.com/images/logos/providers/udemy-trn-sq6b36.png]
[ccweb.imgix.net/https_/www.classcentral.com/images/logos/providers/swayam-trn-sqb82e.png]
[ccweb.imgix.net/https_/www.classcentral.com/images/logos/providers/swayam-trn-sq20ea.png]
[ccweb.imgix.net/https_/www.classcentral.com/images/logos/providers/linkedin-learning-trn-sq6510.png]
[ccweb.imgix.net/https_/www.classcentral.com/images/logos/providers/linkedin-learning-trn-sq8c39.png]
[ccweb.imgix.net/https_/www.classcentral.com/images/logos/providers/skillshare-trn-sqad55.png]
[ccweb.imgix.net/https_/www.classcentral.com/images/logos/providers/skillshare-trn-sq9645.png]
[ccweb.imgix.net/https_/www.classcentral.com/images/logos/homepage/google26e5.png]
[ccweb.imgix.net/https_/www.classcentral.com/images/logos/homepage/googlec927.png]
[ccweb.imgix.net/https_/www.classcentral.com/images/logos/homepage/amazon11a8.png]
[ccweb.imgix.net/https_/www.classcentral.com/images/logos/homepage/amazonbfc4.png]
[ccweb.imgix.net/https_/www.classcentral.com/images/logos/homepage/microsoftca5a.png]
[ccweb.imgix.net/https_/www.classcentral.com/images/logos/homepage/microsofte4df.png]
[ccweb.imgix.net/https_/www.classcentral.com/images/logos/homepage/ibm7639.png]
[ccweb.imgix.net/https_/www.classcentral.com/images/logos/homepage/ibmb3ff.png]
[ccweb.imgix.net/https_/www.classcentral.com/images/logos/homepage/smithsonian0cee.png]
[ccweb.imgix.net/https_/www.classcentral.com/images/logos/homepage/smithsonian8661.png]
[ccweb.imgix.net/https_/www.classcentral.com/images/logos/homepage/united-nationsaaac.png]
[ccweb.imgix.net/https_/www.classcentral.com/images/logos/homepage/united-nationsa2cd.png]
[ccweb.imgix.net/https_/www.classcentral.com/images/logos/homepage/british-councilbe04.png]
[ccweb.imgix.net/https_/www.classcentral.com/images/logos/homepage/british-council9165.png]
[ccweb.imgix.net/https_/www.classcentral.com/images/best-courses/mini-banner-best-of-all-time992b.png]
[ccweb.imgix.net/https_/www.classcentral.com/images/best-courses/mini-banner-best-of-all-time5fef.png]
[ccweb.imgix.net/https_/www.classcentral.com/images/best-courses/mini-banner-best-of-2022a427.png]
[ccweb.imgix.net/https_/www.classcentral.com/images/best-courses/mini-banner-best-of-20226fc4.png]
[ccweb.imgix.net/https_/www.classcentral.com/report/wp-content/uploads/2021/02/coursera-free-coursesccc4.png]
[ccweb.imgix.net/https_/www.classcentral.com/report/wp-content/uploads/2021/02/coursera-free-courses8190.png]
[www.classcentral.com/subject/cs.html]
[www.classcentral.com/report/feed/index.html]
[www.classcentral.com/subject/health.html]
[www.classcentral.com/subject/maths.html]
[www.classcentral.com/subject/business.html]
[www.classcentral.com/subject/humanities.html]
[www.classcentral.com/subject/engineering.html]
[ccweb.imgix.net/https_/www.classcentral.com/report/wp-content/uploads/2023/02/Resume-Writing-BCG-Banner6802.png]
[www.classcentral.com/subject/science.html]
[ccweb.imgix.net/https_/www.classcentral.com/report/wp-content/uploads/2023/02/Resume-Writing-BCG-Bannera1ce.png]
[www.classcentral.com/subject/education.html]
[ccweb.imgix.net/https_/www.classcentral.com/report/wp-content/uploads/2023/02/OCaml-BCG-Bannerefde.png]
[www.classcentral.com/subject/social-sciences.html]
[ccweb.imgix.net/https_/www.classcentral.com/report/wp-content/uploads/2023/02/OCaml-BCG-Banner74c2.png]
[www.classcentral.com/subject/art-and-design.html]
[www.classcentral.com/subject/data-science.html]
[ccweb.imgix.net/https_/www.classcentral.com/report/wp-content/uploads/2023/02/DaVinci-Resolve-BCG-Bannerb69f.png]
[www.classcentral.com/subject/programming-and-software-development.html]
[ccweb.imgix.net/https_/www.classcentral.com/report/wp-content/uploads/2023/02/DaVinci-Resolve-BCG-Bannera890.png]
[www.classcentral.com/subject/personal-development.html]
[www.classcentral.com/subject/infosec.html]
[ccweb.imgix.net/https_/www.classcentral.com/report/wp-content/uploads/2023/02/Prolog-BCG-Bannerfcfa.png]
[ccweb.imgix.net/https_/www.classcentral.com/report/wp-content/uploads/2023/02/Prolog-BCG-Banner51ad.png]
[ccweb.imgix.net/https_/www.classcentral.com/report/wp-content/uploads/2023/02/ASL-BCG-Bannerdfd1.png]
[ccweb.imgix.net/https_/www.classcentral.com/report/wp-content/uploads/2023/02/ASL-BCG-Banner4fc9.png]
[ccweb.imgix.net/https_/www.classcentral.com/images/collections/collections-udemy-top-coursesa8d4.png]
[ccweb.imgix.net/https_/www.classcentral.com/images/collections/collections-udemy-top-coursesb42d.png]
[ccweb.imgix.net/https_/www.classcentral.com/images/collections/collection-india-ugc-approved-online-degrees7238.png]
[ccweb.imgix.net/https_/www.classcentral.com/images/collections/collection-india-ugc-approved-online-degrees058b.png]
[ccweb.imgix.net/https_/www.classcentral.com/images/collections/collection-earn-a-masters-degree-social3f9b.png]
[ccweb.imgix.net/https_/www.classcentral.com/images/collections/collection-earn-a-masters-degree-sociald381.png]
[ccweb.imgix.net/https_/www.classcentral.com/images/collections/collection-microcredentials-socialc08f.png]
[ccweb.imgix.net/https_/www.classcentral.com/images/collections/collection-microcredentials-social5dfd.png]
[ccweb.imgix.net/https_/www.classcentral.com/images/collections/collection-ivy-league-moocs-social9f0a.jpg]
[ccweb.imgix.net/https_/www.classcentral.com/images/collections/collection-ivy-league-moocs-sociale573.jpg]
[ccweb.imgix.net/https_/www.classcentral.com/images/collections/collection-most-popular-all-time-social611f.png]
[ccweb.imgix.net/https_/www.classcentral.com/images/collections/collection-most-popular-all-time-social1b82.png]
[www.classcentral.com/universities.html]
[www.classcentral.com/collection/top-free-online-courses.html]
[www.classcentral.com/collection/ivy-league-moocs.html]
[www.classcentral.com/starting-this-month.html]
[www.classcentral.com/cdn-cgi/scripts/5c5dd728/cloudflare-static/email-decode.min.js]
[www.classcentral.com/webpack/analytics.2edefc668ab4db842c41.js]
[in.getclicky.com/100717250ns.gif]
[www.classcentral.com/new-online-courses/february-2023.html]
[www.classcentral.com/safari-pinned-tab.html]
[www.classcentral.com/opensearch.html]
[www.classcentral.com/report/most-popular-march-2023/index.html]
[www.classcentral.com/subject/ai.html]
[www.classcentral.com/subject/algorithms-and-data-structures.html]
[www.classcentral.com/subject/internet-of-things.html]
[www.classcentral.com/subject/information-technology.html]
[www.classcentral.com/subject/computer-networking.html]
[www.classcentral.com/subject/machine-learning.html]
[www.classcentral.com/subject/devops.html]
[www.classcentral.com/subject/deep-learning.html]
[www.classcentral.com/subject/cryptography.html]
[www.classcentral.com/subject/quantum-computing.html]
[www.classcentral.com/subject/hci.html]
[www.classcentral.com/subject/distributed-systems.html]
[www.classcentral.com/subject/blockchain.html]
[www.classcentral.com/subject/operating-systems.html]
[www.classcentral.com/subject/computer-graphics.html]
[www.classcentral.com/subject/nutrition-and-wellness.html]
[www.classcentral.com/subject/disease-and-disorders.html]
[www.classcentral.com/subject/public-health.html]
[www.classcentral.com/subject/health-care.html]
[www.classcentral.com/subject/nursing.html]
[www.classcentral.com/subject/anatomy.html]
[www.classcentral.com/subject/veterinary-science.html]
[www.classcentral.com/subject/cme.html]
[www.classcentral.com/subject/statistics.html]
[www.classcentral.com/subject/foundations-of-mathematics.html]
[www.classcentral.com/subject/calculus.html]
[www.classcentral.com/subject/discrete-mathematics.html]
[www.classcentral.com/subject/trigonometry.html]
[www.classcentral.com/subject/geometry.html]
[www.classcentral.com/subject/algebra.html]
[www.classcentral.com/subject/precalculus.html]
[www.classcentral.com/subject/number-theory.html]
[www.classcentral.com/subject/combinatorics.html]
[www.classcentral.com/subject/mathematical-logic.html]
[www.classcentral.com/subject/linear-programming.html]
[www.classcentral.com/subject/management-and-leadership.html]
[www.classcentral.com/subject/finance.html]
[www.classcentral.com/subject/entrepreneurship.html]
[www.classcentral.com/subject/marketing.html]
[www.classcentral.com/subject/strategic-management.html]
[www.classcentral.com/subject/industry-specific.html]
[www.classcentral.com/subject/business-intelligence.html]
[www.classcentral.com/subject/accounting.html]
[www.classcentral.com/subject/human-resources.html]
[www.classcentral.com/subject/project-management.html]
[www.classcentral.com/subject/sales.html]
[www.classcentral.com/subject/design-thinking.html]
[www.classcentral.com/subject/business-software.html]
[www.classcentral.com/subject/risk-management.html]
[www.classcentral.com/subject/csr.html]
[www.classcentral.com/subject/customer-service.html]
[www.classcentral.com/subject/nonprofit.html]
[www.classcentral.com/subject/innovation.html]
[www.classcentral.com/subject/operations-management.html]
[www.classcentral.com/subject/history.html]
[www.classcentral.com/subject/literature.html]
[www.classcentral.com/subject/language-learning.html]
[www.classcentral.com/subject/grammar-writing.html]
[www.classcentral.com/subject/philosophy.html]
[www.classcentral.com/subject/religion.html]
[www.classcentral.com/subject/esl.html]
[www.classcentral.com/subject/culture.html]
[www.classcentral.com/subject/sports.html]
[www.classcentral.com/subject/journalism.html]
[www.classcentral.com/subject/ethics.html]
[www.classcentral.com/subject/linguistics.html]
[www.classcentral.com/subject/food.html]
[www.classcentral.com/subject/library-science.html]
[www.classcentral.com/subject/reading.html]
[www.classcentral.com/subject/crisis-management.html]
[www.classcentral.com/subject/electrical-engineering.html]
[www.classcentral.com/subject/mechanical-engineering.html]
[www.classcentral.com/subject/civil-engineering.html]
[www.classcentral.com/subject/robotics.html]
[www.classcentral.com/subject/nanotechnology.html]
[www.classcentral.com/subject/gis.html]
[www.classcentral.com/subject/textiles.html]
[www.classcentral.com/subject/manufacturing.html]
[www.classcentral.com/subject/bim.html]
[www.classcentral.com/subject/cad.html]
[www.classcentral.com/subject/chemical-engineering.html]
[www.classcentral.com/subject/energy-systems.html]
[www.classcentral.com/subject/aerospace-engineering.html]
[www.classcentral.com/subject/chemistry.html]
[www.classcentral.com/subject/physics.html]
[www.classcentral.com/subject/environmental-science.html]
[www.classcentral.com/subject/astronomy.html]
[www.classcentral.com/subject/biology.html]
[www.classcentral.com/subject/agriculture.html]
[www.classcentral.com/subject/materials-science.html]
[www.classcentral.com/subject/earth-science.html]
[www.classcentral.com/subject/applied-science.html]
[www.classcentral.com/subject/forensic-science.html]
[www.classcentral.com/subject/k12.html]
[www.classcentral.com/subject/higher-education.html]
[www.classcentral.com/subject/stem.html]
[www.classcentral.com/subject/teacher-development.html]
[www.classcentral.com/subject/course-development.html]
[www.classcentral.com/subject/online-education.html]
[www.classcentral.com/subject/test-prep.html]
[www.classcentral.com/subject/pedagogy.html]
[www.classcentral.com/subject/sociology.html]
[www.classcentral.com/subject/economics.html]
[www.classcentral.com/subject/psychology.html]
[www.classcentral.com/subject/anthropology.html]
[www.classcentral.com/subject/political-science.html]
[www.classcentral.com/subject/law.html]
[www.classcentral.com/subject/urban-planning.html]
[www.classcentral.com/subject/human-rights.html]
[www.classcentral.com/subject/sustainability.html]
[www.classcentral.com/subject/governance.html]
[www.classcentral.com/subject/archaeology.html]
[www.classcentral.com/subject/social-work.html]
[www.classcentral.com/subject/music.html]
[www.classcentral.com/subject/digital-media.html]
[www.classcentral.com/subject/visual-arts.html]
[www.classcentral.com/subject/design-and-creativity.html]
[www.classcentral.com/subject/bioinformatics.html]
[www.classcentral.com/subject/big-data.html]
[www.classcentral.com/subject/data-mining.html]
[www.classcentral.com/subject/data-analysis.html]
[www.classcentral.com/subject/data-visualization.html]
[www.classcentral.com/subject/jupyter.html]
[www.classcentral.com/subject/mobile-development.html]
[www.classcentral.com/subject/web-development.html]
[www.classcentral.com/subject/databases.html]
[www.classcentral.com/subject/game-development.html]
[www.classcentral.com/subject/programming-languages.html]
[www.classcentral.com/subject/software-development.html]
[www.classcentral.com/subject/cloud-computing.html]
[www.classcentral.com/subject/communication-skills.html]
[www.classcentral.com/subject/career-development.html]
[www.classcentral.com/subject/self-improvement.html]
[www.classcentral.com/subject/presentation-skills.html]
[www.classcentral.com/subject/resilience.html]
[www.classcentral.com/subject/cybersecurity.html]
[www.classcentral.com/subject/network-security.html]
[www.classcentral.com/subject/ethical-hacking.html]
[www.classcentral.com/subject/digital-forensics.html]
[www.classcentral.com/subject/reverse-engineering.html]
[www.classcentral.com/subject/pentesting.html]
[www.classcentral.com/subject/malware-analysis.html]
[www.classcentral.com/subject/devsecops.html]
[www.classcentral.com/subject/osint.html]
[www.classcentral.com/subject/threat-intelligence.html]
[www.classcentral.com/subject/infosec-certifications.html]
[www.classcentral.com/subject/red-team.html]
[www.classcentral.com/subject/blue-team.html]
[www.classcentral.com/lists.html]
[www.classcentral.com/signup.html]
[www.classcentral.com/login.html]
[www.classcentral.com/subject/python.html]
[www.classcentral.com/subject/it-certifications.html]
[www.classcentral.com/course/modpo-356.html]
[www.classcentral.com/course/modelthinking-317.html]
[www.classcentral.com/course/edx-circular-fashion-design-science-and-value-in-a-sustainable-clothing-industry-17080.html]
[www.classcentral.com/help/moocs.html]
[www.classcentral.com/university/stanford.html]
[www.classcentral.com/collection/sustainability-online-courses.html]
[www.classcentral.com/university/mit.html]
[www.classcentral.com/institution/google.html]
[www.classcentral.com/institution/amazon.html]
[www.classcentral.com/images/illustrations/homepage-discover-01.html]
[www.classcentral.com/university/harvard.html]
[www.classcentral.com/university/iit-kharagpur.html]
[www.classcentral.com/university/rice.html]
[www.classcentral.com/university/iitm.html]
[www.classcentral.com/university/columbia.html]
[www.classcentral.com/university/cornell.html]
[www.classcentral.com/university/edinburgh.html]
[www.classcentral.com/university/purdue.html]
[www.classcentral.com/university/penn.html]
[www.classcentral.com/university/duke.html]
[www.classcentral.com/university/umich.html]
[www.classcentral.com/provider/coursera.html]
[www.classcentral.com/provider/edx.html]
[www.classcentral.com/provider/futurelearn.html]
[www.classcentral.com/provider/udemy.html]
[www.classcentral.com/provider/swayam.html]
[www.classcentral.com/provider/linkedin-learning.html]
[www.classcentral.com/provider/skillshare.html]
[www.classcentral.com/providers.html]
[www.classcentral.com/institution/microsoft.html]
[www.classcentral.com/institution/ibm.html]
[www.classcentral.com/institution/smithsonian.html]
[www.classcentral.com/institution/united-nations.html]
[www.classcentral.com/institution/british-council.html]
[www.classcentral.com/institutions.html]
[www.classcentral.com/provider/udacity.html]
[www.classcentral.com/university/gatech.html]
[www.classcentral.com/institution/linuxfoundation.html]
[www.classcentral.com/institution/salesforce.html]
[www.classcentral.com/about.html]
[www.classcentral.com/about/privacy-policy.html]
[www.classcentral.com/about/careers.html]
[www.classcentral.com/help.html]
[www.classcentral.com/contact.html]
[www.classcentral.com/cdn-cgi/l/email-protection.html]
[www.classcentral.com/safari-pinned-tab.html]
[www.classcentral.com/report/index.html]
[www.classcentral.com/report/most-popular-online-courses/index.html]
[www.classcentral.com/report/best-free-online-courses-2022/index.html]
[www.classcentral.com/report/best-free-online-courses-2021/index.html]
[www.classcentral.com/report/most-popular-courses-2022/index.html]
[www.classcentral.com/report/100-most-popular-online-courses-2021/index.html]
[www.classcentral.com/report/coursera-free-online-courses/index.html]
[www.classcentral.com/report/free-certificates/index.html]
[www.classcentral.com/report/free-google-certifications/index.html]
[www.classcentral.com/report/2022-year-in-review/index.html]
[www.classcentral.com/report/author/dhawal/index.html]
[www.classcentral.com/report/review-science-of-well-being/index.html]
[www.classcentral.com/report/best-resume-writing-courses/index.html]
[www.classcentral.com/report/best-ocaml-courses/index.html]
[www.classcentral.com/report/review-exploratory-data-analysis-matlab/index.html]
[www.classcentral.com/report/category/best-courses/index.html]
[www.classcentral.com/report/online-learning-deals/index.html]
[www.classcentral.com/report/udemy-layoffs/index.html]
[www.classcentral.com/report/harvard-cs50-guide/index.html]
[www.classcentral.com/report/author/manoel/index.html]
[www.classcentral.com/report/chinese-mooc-platforms/index.html]
[www.classcentral.com/report/author/ruima/index.html]
[www.classcentral.com/report/futurelearn-expands-paywall/index.html]
[www.classcentral.com/report/author/pat-bowden/index.html]
[www.classcentral.com/report/udemy-by-the-numbers/index.html]
[www.classcentral.com/report/domestika-layoffs/index.html]
[www.classcentral.com/report/thinkific-layoffs/index.html]
[www.classcentral.com/report/udemy-new-ceo/index.html]
[www.classcentral.com/report/best-davinci-resolve-courses/index.html]
[www.classcentral.com/report/best-free-prolog-courses/index.html]
[www.classcentral.com/report/best-japanese-courses/index.html]
[www.classcentral.com/report/udemy-top-courses/index.html]
[www.classcentral.com/report/india-online-degrees/index.html]
[www.classcentral.com/report/mooc-based-masters-degree/index.html]
[www.classcentral.com/report/list-of-mooc-based-microcredentials/index.html]
[www.classcentral.com/report/most-popular-courses-2023/index.html]
[www.classcentral.com/report/coursera-top-courses/index.html]
[www.classcentral.com/report/edx-top-courses/index.html]
[www.classcentral.com/report/class-central-ddos-attack/index.html]
[www.classcentral.com/report/cs50-free-certificate/index.html]
[www.classcentral.com/report/open-university-insiders-perspective/index.html]
[www.classcentral.com/report/google-free-certificates/index.html]
[www.classcentral.com/report/linkedin-learning-free-learning-paths/index.html]
[www.classcentral.com/collection/ivy-league-moocs/index.html]
[www.classcentral.com/report/writing-free-online-courses/index.html]
[www.classcentral.com/update-item/index.html]
[www.classcentral.com/delete-item/index.html]
[www.classcentral.com/move-item/index.html]
[www.classcentral.com/maestro/course-reviews/index.html]
[www.classcentral.com/coordinator/index.html]
[www.classcentral.com/s/index.html]
[www.classcentral.com/enrollee-list/update-item-progress/index.html]
